[lachlan-dev.com/index.html]
[backblue.gif]
[fade.gif]
[index.html]
[cdn.jsdelivr.net/npm/bulma@0.9.3/css/bulma.min.css]
[unpkg.com/aos@2.3.1/dist/aos.css]
[cdnjs.cloudflare.com/ajax/libs/hover.css/2.3.1/css/hover-min.css]
[cdnjs.cloudflare.com/ajax/libs/aos/2.3.4/aos.js]
[cdn.jsdelivr.net/gh/hung1001/font-awesome-pro@0ac23ca/css/all.css]
[cdnjs.cloudflare.com/ajax/libs/jquery/3.6.0/jquery.js]
[cdn.jsdelivr.net/gh/devicons/devicon@v2.12.0/devicon.min.css]
[lachlan-dev.com/assets/css/custom-logos/css/fontello.css]
[lachlan-dev.com/assets/css/icons/font-mfizz.css]
[lachlan-dev.com/assets/css/style.css]
[lachlan-dev.com/icon.png]
[lachlan-dev.com/cdn-cgi/l/email-protection.html]
[lachlan-dev.com/cdn-cgi/scripts/5c5dd728/cloudflare-static/email-decode.min.js]
[lachlan-dev.com/index.html]
[cdn.jsdelivr.net/npm/bulma@0.9.3/css/bulma.min.css]
[unpkg.com/aos@2.3.1/dist/aos.css]
[cdnjs.cloudflare.com/ajax/libs/hover.css/2.3.1/css/hover-min.css]
[cdnjs.cloudflare.com/ajax/libs/tsparticles/1.33.2/tsparticles.min.js]
[cdn.jsdelivr.net/gh/hung1001/font-awesome-pro@0ac23ca/css/all.css]
[cdn.jsdelivr.net/gh/devicons/devicon@v2.12.0/fonts/devicon43c3.eot]
[cdn.jsdelivr.net/gh/devicons/devicon@v2.12.0/fonts/devicon43c3.ttf]
[cdn.jsdelivr.net/gh/devicons/devicon@v2.12.0/fonts/devicon43c3.woff]
[cdn.jsdelivr.net/gh/devicons/devicon@v2.12.0/devicon.min.css]
[cdn.jsdelivr.net/gh/devicons/devicon@v2.12.0/fonts/devicon43c3.svg]
[lachlan-dev.com/assets/css/custom-logos/font/fontellob532.eot]
[lachlan-dev.com/assets/css/custom-logos/font/fontellob532.woff2]
[lachlan-dev.com/assets/css/custom-logos/font/fontellob532.woff]
[lachlan-dev.com/assets/css/custom-logos/font/fontellob532.ttf]
[lachlan-dev.com/assets/css/custom-logos/css/fontello.css]
[lachlan-dev.com/assets/css/custom-logos/font/fontellob532.svg]
[lachlan-dev.com/assets/css/icons/font-mfizz.eot]
[lachlan-dev.com/assets/css/icons/font-mfizzd41d.eot]
[lachlan-dev.com/assets/css/icons/font-mfizz.woff]
[lachlan-dev.com/assets/css/icons/font-mfizz.ttf]
[lachlan-dev.com/assets/css/icons/font-mfizz.css]
[lachlan-dev.com/assets/css/style.css]
[lachlan-dev.com/cdn-cgi/l/email-protection.html]
[lachlan-dev.com/assets/css/icons/font-mfizz.svg]
[cdn.jsdelivr.net/gh/devicons/devicon@v2.12.0/fonts/devicon43c3.svg]
[lachlan-dev.com/assets/css/custom-logos/font/fontellob532.svg]
[lachlan-dev.com/assets/css/icons/font-mfizz.svg]
